
Sai-Nish@DESKTOP-1CV9BQ7 MINGW64 ~/Desktop/git/SpringJPA2023Jun (main)
$ git status
On branch main
Your branch is up to date with 'origin/main'.

nothing to commit, working tree clean

Sai-Nish@DESKTOP-1CV9BQ7 MINGW64 ~/Desktop/git/SpringJPA2023Jun (main)
$ git status
On branch main
Your branch is up to date with 'origin/main'.

Untracked files:
  (use "git add <file>..." to include in what will be committed)
        .gitignore
        .mvn/
        mvnw
        mvnw.cmd
        pom.xml
        src/

nothing added to commit but untracked files present (use "git add" to track)

Sai-Nish@DESKTOP-1CV9BQ7 MINGW64 ~/Desktop/git/SpringJPA2023Jun (main)
$ git add .
warning: in the working copy of '.gitignore', LF will be replaced by CRLF the next time Git touches it
warning: in the working copy of '.mvn/wrapper/maven-wrapper.properties', LF will be replaced by CRLF the next time Git touches it
warning: in the working copy of 'mvnw', LF will be replaced by CRLF the next time Git touches it
warning: in the working copy of 'mvnw.cmd', LF will be replaced by CRLF the next time Git touches it
warning: in the working copy of 'pom.xml', LF will be replaced by CRLF the next time Git touches it
warning: in the working copy of 'src/main/java/org/nlt/SpringJPA2023Jun/SpringJpa2023JunApplication.java', LF will be replaced by CRLF the next time Git touches it
warning: in the working copy of 'src/main/resources/application.properties', LF will be replaced by CRLF the next time Git touches it
warning: in the working copy of 'src/test/java/org/nlt/SpringJPA2023Jun/SpringJpa2023JunApplicationTests.java', LF will be replaced by CRLF the next time Git touches it

Sai-Nish@DESKTOP-1CV9BQ7 MINGW64 ~/Desktop/git/SpringJPA2023Jun (main)
$ git commit -m "PRoject Added"
[main 2f0cf55] PRoject Added
 18 files changed, 1128 insertions(+)
 create mode 100644 .gitignore
 create mode 100644 .mvn/wrapper/maven-wrapper.jar
 create mode 100644 .mvn/wrapper/maven-wrapper.properties
 create mode 100644 mvnw
 create mode 100644 mvnw.cmd
 create mode 100644 pom.xml
 create mode 100644 src/main/java/org/nlt/SpringJPA2023Jun/SpringJpa2023JunApplication.java
 create mode 100644 src/main/java/org/nlt/SpringJPA2023Jun/controller/PersonController.java
 create mode 100644 src/main/java/org/nlt/SpringJPA2023Jun/model/Cities.java
 create mode 100644 src/main/java/org/nlt/SpringJPA2023Jun/model/Employees.java
 create mode 100644 src/main/java/org/nlt/SpringJPA2023Jun/model/Persons.java
 create mode 100644 src/main/java/org/nlt/SpringJPA2023Jun/repositories/CityRepository.java
 create mode 100644 src/main/java/org/nlt/SpringJPA2023Jun/repositories/EmployeeRepository.java
 create mode 100644 src/main/java/org/nlt/SpringJPA2023Jun/repositories/PersonRepository.java
 create mode 100644 src/main/java/org/nlt/SpringJPA2023Jun/services/PersonService.java
 create mode 100644 src/main/resources/application.properties
 create mode 100644 src/main/webapp/views/index.jsp
 create mode 100644 src/test/java/org/nlt/SpringJPA2023Jun/SpringJpa2023JunApplicationTests.java

Sai-Nish@DESKTOP-1CV9BQ7 MINGW64 ~/Desktop/git/SpringJPA2023Jun (main)
$ git push
Enumerating objects: 41, done.
Counting objects: 100% (41/41), done.
Delta compression using up to 4 threads
Compressing objects: 100% (28/28), done.
Writing objects: 100% (40/40), 67.10 KiB | 3.95 MiB/s, done.
Total 40 (delta 3), reused 0 (delta 0), pack-reused 0
remote: Resolving deltas: 100% (3/3), done.
To https://github.com/roshannandurkar/SpringJPA2023Jun.git
   fe5d72e..2f0cf55  main -> main

Sai-Nish@DESKTOP-1CV9BQ7 MINGW64 ~/Desktop/git/SpringJPA2023Jun (main)
